error: [Kendal] !#@%@#%@%# is not a valid method identifier!
1 error