- compiler.err.proc.messager: [Kendal] Auto generated field was already defined manually in this class!
1 error