error: [Kendal] Auto generated field fieldA in class InconsistentFieldTypeDefinition occurred more than once, with inconsistent definition!
1 error